 * Serving Flask app 'app'
 * Debug mode: on
WARNING: This is a development server. Do not use it in a production deployment. Use a production WSGI server instead.
 * Running on http://127.0.0.1:5000
Press CTRL+C to quit
 * Restarting with watchdog (windowsapi)
 * Debugger is active!
 * Debugger PIN: 137-510-314
server returned normally
server returned normally
 * Serving Flask app 'app'
 * Debug mode: on
WARNING: This is a development server. Do not use it in a production deployment. Use a production WSGI server instead.
 * Running on http://127.0.0.1:5000
Press CTRL+C to quit
 * Restarting with watchdog (windowsapi)
 * Debugger is active!
 * Debugger PIN: 137-510-314
 * Detected change in "D:\\所有文件\\桂林电子科技大学\\大二下 2025-2026学年第二学期\\课程\\数据库实验\\Pierre's Store\\run_server.py", reloading
 * Detected change in "D:\\所有文件\\桂林电子科技大学\\大二下 2025-2026学年第二学期\\课程\\数据库实验\\Pierre's Store\\run_server.py", reloading
 * Restarting with watchdog (windowsapi)
 * Restarting with watchdog (windowsapi)
server returned normally
